npm warn Unknown project config "min-release-age". This will stop working in the next major version of npm.
npm warn Unknown project config "allow-git". This will stop working in the next major version of npm.
npm error Missing script: "test:integration"
npm error
npm error To see a list of scripts, run:
npm error   npm run
npm error A complete log of this run can be found in: /Users/zak.faithfull/.npm/_logs/2026-05-21T12_05_08_544Z-debug-0.log
